// Jest Snapshot v1, https://goo.gl/fbAQLP

exports[`Spacer should render correctly 1`] = `
<View
  style={
    Object {
      "height": 80,
    }
  }
/>
`;
